Dom Nov 12 23:13:25 -03 2017
Run CLASSICO
Dom Nov 12 23:19:45 -03 2017
Run MCAST
Dom Nov 12 23:25:56 -03 2017
Seg Nov 13 10:44:35 -03 2017
Run CLASSICO
Seg Nov 13 10:48:43 -03 2017
Run CLASSICO
Seg Nov 13 10:51:44 -03 2017
Run CLASSICO
Seg Nov 13 10:59:48 -03 2017
Run CLASSICO
Seg Nov 13 11:11:35 -03 2017
Run CLASSICO
Seg Nov 13 11:21:38 -03 2017
Run CLASSICO
Seg Nov 13 11:44:57 -03 2017
Run CLASSICO
Seg Nov 13 11:50:43 -03 2017
Run CLASSICO
Seg Nov 13 11:52:48 -03 2017
Run MCAST
Seg Nov 13 11:56:39 -03 2017
Run CLASSICO
Seg Nov 13 11:58:45 -03 2017
Run MCAST
Seg Nov 13 12:00:52 -03 2017
Seg Nov 13 12:05:15 -03 2017
Run CLASSICO
Seg Nov 13 12:07:23 -03 2017
Run MCAST
Seg Nov 13 12:09:31 -03 2017
Seg Nov 13 12:15:29 -03 2017
Run CLASSICO
Seg Nov 13 12:17:20 -03 2017
Run MCAST
Seg Nov 13 12:19:13 -03 2017
Seg Nov 13 12:54:09 -03 2017
Run CLASSICO
Seg Nov 13 12:56:01 -03 2017
Run MCAST
Seg Nov 13 12:57:54 -03 2017
Seg Nov 13 13:26:26 -03 2017
Run CLASSICO
Seg Nov 13 13:28:22 -03 2017
Run MCAST
Seg Nov 13 13:30:15 -03 2017
Seg Nov 13 13:57:39 -03 2017
Run CLASSICO
Seg Nov 13 13:59:34 -03 2017
Run MCAST
Seg Nov 13 14:01:26 -03 2017
Seg Nov 13 14:02:45 -03 2017
Run CLASSICO
Seg Nov 13 14:04:36 -03 2017
Run MCAST
Seg Nov 13 14:10:05 -03 2017
Run CLASSICO
Seg Nov 13 14:11:57 -03 2017
Run MCAST
Seg Nov 13 14:19:22 -03 2017
Run CLASSICO
Seg Nov 13 14:26:48 -03 2017
Run CLASSICO
Seg Nov 13 14:28:41 -03 2017
Run MCAST
Seg Nov 13 14:30:35 -03 2017
Seg Nov 13 14:35:29 -03 2017
Run CLASSICO
Seg Nov 13 14:37:23 -03 2017
Run MCAST
Seg Nov 13 14:39:17 -03 2017
Seg Nov 13 14:43:59 -03 2017
Run CLASSICO
Seg Nov 13 14:45:52 -03 2017
Run MCAST
Seg Nov 13 14:50:01 -03 2017
Run CLASSICO
Seg Nov 13 14:51:54 -03 2017
Run MCAST
Seg Nov 13 14:53:50 -03 2017
Seg Nov 13 14:55:44 -03 2017
Run CLASSICO
Seg Nov 13 15:01:14 -03 2017
Run CLASSICO
Seg Nov 13 15:05:13 -03 2017
Run CLASSICO
Seg Nov 13 15:07:07 -03 2017
Run MCAST
Seg Nov 13 15:09:01 -03 2017
Seg Nov 13 15:19:08 -03 2017
Run CLASSICO
Seg Nov 13 15:19:51 -03 2017
Run CLASSICO
Seg Nov 13 15:31:24 -03 2017
Run CLASSICO
Seg Nov 13 15:33:30 -03 2017
Run CLASSICO
Seg Nov 13 15:35:23 -03 2017
Run MCAST
Seg Nov 13 15:37:18 -03 2017
Seg Nov 13 16:15:42 -03 2017
Run CLASSICO
